Archive member included because of file (symbol)

c:/siliconlabs/simplicitystudio/v2/developer/toolchains/gnu_arm/4.8_2013q4/bin/../lib/gcc/arm-none-eabi/4.8.3/../../../../arm-none-eabi/lib/armv7-m\libc_s.a(lib_a-exit.o)
                              c:/siliconlabs/simplicitystudio/v2/developer/toolchains/gnu_arm/4.8_2013q4/bin/../lib/gcc/arm-none-eabi/4.8.3/../../../../arm-none-eabi/lib/armv7-m/crt0.o (exit)
c:/siliconlabs/simplicitystudio/v2/developer/toolchains/gnu_arm/4.8_2013q4/bin/../lib/gcc/arm-none-eabi/4.8.3/../../../../arm-none-eabi/lib/armv7-m\libc_s.a(lib_a-impure.o)
                              c:/siliconlabs/simplicitystudio/v2/developer/toolchains/gnu_arm/4.8_2013q4/bin/../lib/gcc/arm-none-eabi/4.8.3/../../../../arm-none-eabi/lib/armv7-m\libc_s.a(lib_a-exit.o) (_global_impure_ptr)
c:/siliconlabs/simplicitystudio/v2/developer/toolchains/gnu_arm/4.8_2013q4/bin/../lib/gcc/arm-none-eabi/4.8.3/../../../../arm-none-eabi/lib/armv7-m\libc_s.a(lib_a-init.o)
                              c:/siliconlabs/simplicitystudio/v2/developer/toolchains/gnu_arm/4.8_2013q4/bin/../lib/gcc/arm-none-eabi/4.8.3/../../../../arm-none-eabi/lib/armv7-m/crt0.o (__libc_init_array)
c:/siliconlabs/simplicitystudio/v2/developer/toolchains/gnu_arm/4.8_2013q4/bin/../lib/gcc/arm-none-eabi/4.8.3/../../../../arm-none-eabi/lib/armv7-m\libc_s.a(lib_a-memset.o)
                              c:/siliconlabs/simplicitystudio/v2/developer/toolchains/gnu_arm/4.8_2013q4/bin/../lib/gcc/arm-none-eabi/4.8.3/../../../../arm-none-eabi/lib/armv7-m/crt0.o (memset)
c:/siliconlabs/simplicitystudio/v2/developer/toolchains/gnu_arm/4.8_2013q4/bin/../lib/gcc/arm-none-eabi/4.8.3/../../../../arm-none-eabi/lib/armv7-m\libnosys.a(_exit.o)
                              c:/siliconlabs/simplicitystudio/v2/developer/toolchains/gnu_arm/4.8_2013q4/bin/../lib/gcc/arm-none-eabi/4.8.3/../../../../arm-none-eabi/lib/armv7-m\libc_s.a(lib_a-exit.o) (_exit)

Allocating common symbols
Common symbol       size              file

SystemCoreClock     0x4               ./CMSIS/efm32tg/system_efm32tg.o
msTicks             0x4               ./src/blink.o

Discarded input sections

 .text          0x00000000        0x0 c:/siliconlabs/simplicitystudio/v2/developer/toolchains/gnu_arm/4.8_2013q4/bin/../lib/gcc/arm-none-eabi/4.8.3/armv7-m/crti.o
 .data          0x00000000        0x0 c:/siliconlabs/simplicitystudio/v2/developer/toolchains/gnu_arm/4.8_2013q4/bin/../lib/gcc/arm-none-eabi/4.8.3/armv7-m/crti.o
 .bss           0x00000000        0x0 c:/siliconlabs/simplicitystudio/v2/developer/toolchains/gnu_arm/4.8_2013q4/bin/../lib/gcc/arm-none-eabi/4.8.3/armv7-m/crti.o
 .data          0x00000000        0x4 c:/siliconlabs/simplicitystudio/v2/developer/toolchains/gnu_arm/4.8_2013q4/bin/../lib/gcc/arm-none-eabi/4.8.3/armv7-m/crtbegin.o
 .data          0x00000000        0x0 c:/siliconlabs/simplicitystudio/v2/developer/toolchains/gnu_arm/4.8_2013q4/bin/../lib/gcc/arm-none-eabi/4.8.3/../../../../arm-none-eabi/lib/armv7-m/crt0.o
 .bss           0x00000000        0x0 c:/siliconlabs/simplicitystudio/v2/developer/toolchains/gnu_arm/4.8_2013q4/bin/../lib/gcc/arm-none-eabi/4.8.3/../../../../arm-none-eabi/lib/armv7-m/crt0.o
 .ARM.extab     0x00000000        0x0 c:/siliconlabs/simplicitystudio/v2/developer/toolchains/gnu_arm/4.8_2013q4/bin/../lib/gcc/arm-none-eabi/4.8.3/../../../../arm-none-eabi/lib/armv7-m/crt0.o
 .text          0x00000000        0x0 ./src/blink.o
 .data          0x00000000        0x0 ./src/blink.o
 .bss           0x00000000        0x0 ./src/blink.o
 .text          0x00000000        0x0 ./emlib/em_assert.o
 .data          0x00000000        0x0 ./emlib/em_assert.o
 .bss           0x00000000        0x0 ./emlib/em_assert.o
 .text          0x00000000        0x0 ./emlib/em_cmu.o
 .data          0x00000000        0x0 ./emlib/em_cmu.o
 .bss           0x00000000        0x0 ./emlib/em_cmu.o
 .text.CMU_FlashWaitStateMax
                0x00000000       0x5c ./emlib/em_cmu.o
 .text.CMU_Log2ToDiv
                0x00000000       0x1c ./emlib/em_cmu.o
 .text.CMU_FlashWaitStateControl
                0x00000000       0x90 ./emlib/em_cmu.o
 .text.CMU_Calibrate
                0x00000000       0xa4 ./emlib/em_cmu.o
 .text.CMU_CalibrateConfig
                0x00000000       0xfc ./emlib/em_cmu.o
 .text.CMU_ClockDivGet
                0x00000000      0x158 ./emlib/em_cmu.o
 .text.CMU_ClockDivSet
                0x00000000      0x224 ./emlib/em_cmu.o
 .text.CMU_ClockSelectSet
                0x00000000      0x1ec ./emlib/em_cmu.o
 .text.CMU_FreezeEnable
                0x00000000       0x38 ./emlib/em_cmu.o
 .text.CMU_AUXHFRCOBandGet
                0x00000000       0x20 ./emlib/em_cmu.o
 .text.CMU_AUXHFRCOBandSet
                0x00000000       0xb8 ./emlib/em_cmu.o
 .text.CMU_HFRCOBandGet
                0x00000000       0x20 ./emlib/em_cmu.o
 .text.CMU_HFRCOBandSet
                0x00000000       0xd8 ./emlib/em_cmu.o
 .text.CMU_HFRCOStartupDelayGet
                0x00000000       0x1c ./emlib/em_cmu.o
 .text.CMU_HFRCOStartupDelaySet
                0x00000000       0x40 ./emlib/em_cmu.o
 .text.CMU_LCDClkFDIVGet
                0x00000000       0x1c ./emlib/em_cmu.o
 .text.CMU_LCDClkFDIVSet
                0x00000000       0x4c ./emlib/em_cmu.o
 .text.CMU_OscillatorEnable
                0x00000000       0xd0 ./emlib/em_cmu.o
 .text.CMU_OscillatorTuningGet
                0x00000000       0x5c ./emlib/em_cmu.o
 .text.CMU_OscillatorTuningSet
                0x00000000       0xb0 ./emlib/em_cmu.o
 .text.CMU_PCNTClockExternalGet
                0x00000000       0x44 ./emlib/em_cmu.o
 .text.CMU_PCNTClockExternalSet
                0x00000000       0x48 ./emlib/em_cmu.o
 .text          0x00000000        0x0 ./emlib/em_emu.o
 .data          0x00000000        0x0 ./emlib/em_emu.o
 .bss           0x00000000        0x0 ./emlib/em_emu.o
 .text.SystemCoreClockUpdate
                0x00000000        0xc ./emlib/em_emu.o
 .text.CMU_Lock
                0x00000000       0x18 ./emlib/em_emu.o
 .text.CMU_Unlock
                0x00000000       0x1c ./emlib/em_emu.o
 .bss.cmuStatus
                0x00000000        0x2 ./emlib/em_emu.o
 .text.EMU_Restore
                0x00000000       0xac ./emlib/em_emu.o
 .text.getErrataFixEmuE107En
                0x00000000       0x58 ./emlib/em_emu.o
 .text.EMU_EnterEM2
                0x00000000       0x84 ./emlib/em_emu.o
 .text.EMU_EnterEM3
                0x00000000       0xa8 ./emlib/em_emu.o
 .text.EMU_EnterEM4
                0x00000000       0x40 ./emlib/em_emu.o
 .text.EMU_MemPwrDown
                0x00000000       0x14 ./emlib/em_emu.o
 .text.EMU_UpdateOscConfig
                0x00000000       0x20 ./emlib/em_emu.o
 .debug_info    0x00000000      0x896 ./emlib/em_emu.o
 .debug_abbrev  0x00000000      0x1e5 ./emlib/em_emu.o
 .debug_loc     0x00000000      0x200 ./emlib/em_emu.o
 .debug_aranges
                0x00000000       0x68 ./emlib/em_emu.o
 .debug_ranges  0x00000000       0x58 ./emlib/em_emu.o
 .debug_line    0x00000000      0x37d ./emlib/em_emu.o
 .debug_str     0x00000000      0x4c0 ./emlib/em_emu.o
 .comment       0x00000000       0x71 ./emlib/em_emu.o
 .ARM.attributes
                0x00000000       0x33 ./emlib/em_emu.o
 .debug_frame   0x00000000      0x128 ./emlib/em_emu.o
 .text          0x00000000        0x0 ./emlib/em_gpio.o
 .data          0x00000000        0x0 ./emlib/em_gpio.o
 .bss           0x00000000        0x0 ./emlib/em_gpio.o
 .text.BITBAND_Peripheral
                0x00000000       0x2c ./emlib/em_gpio.o
 .text.GPIO_DbgLocationSet
                0x00000000       0x3c ./emlib/em_gpio.o
 .text.GPIO_DriveModeSet
                0x00000000       0x58 ./emlib/em_gpio.o
 .text.GPIO_IntConfig
                0x00000000       0xcc ./emlib/em_gpio.o
 .text          0x00000000        0x0 ./emlib/em_system.o
 .data          0x00000000        0x0 ./emlib/em_system.o
 .bss           0x00000000        0x0 ./emlib/em_system.o
 .rodata        0x00000000       0x54 ./emlib/em_system.o
 .text.SYSTEM_ChipRevisionGet
                0x00000000       0x80 ./emlib/em_system.o
 .text.SYSTEM_GetCalibrationValue
                0x00000000       0x5c ./emlib/em_system.o
 .debug_info    0x00000000      0x241 ./emlib/em_system.o
 .debug_abbrev  0x00000000       0xed ./emlib/em_system.o
 .debug_loc     0x00000000       0x70 ./emlib/em_system.o
 .debug_aranges
                0x00000000       0x28 ./emlib/em_system.o
 .debug_ranges  0x00000000       0x18 ./emlib/em_system.o
 .debug_line    0x00000000      0x258 ./emlib/em_system.o
 .debug_str     0x00000000      0x2a8 ./emlib/em_system.o
 .comment       0x00000000       0x71 ./emlib/em_system.o
 .ARM.attributes
                0x00000000       0x33 ./emlib/em_system.o
 .debug_frame   0x00000000       0x50 ./emlib/em_system.o
 .text          0x00000000        0x0 ./emlib/em_usart.o
 .data          0x00000000        0x0 ./emlib/em_usart.o
 .bss           0x00000000        0x0 ./emlib/em_usart.o
 .rodata        0x00000000       0x50 ./emlib/em_usart.o
 .text.USART_BaudrateAsyncSet
                0x00000000      0x130 ./emlib/em_usart.o
 .text.USART_BaudrateCalc
                0x00000000       0xb8 ./emlib/em_usart.o
 .text.USART_BaudrateGet
                0x00000000       0x50 ./emlib/em_usart.o
 .text.USART_BaudrateSyncSet
                0x00000000       0x90 ./emlib/em_usart.o
 .text.USART_Enable
                0x00000000       0x54 ./emlib/em_usart.o
 .text.USART_InitAsync
                0x00000000       0x9c ./emlib/em_usart.o
 .text.USART_InitSync
                0x00000000       0xc8 ./emlib/em_usart.o
 .text.USART_InitIrDA
                0x00000000       0x74 ./emlib/em_usart.o
 .text.USART_InitI2s
                0x00000000       0x94 ./emlib/em_usart.o
 .text.USART_InitPrsTrigger
                0x00000000       0x60 ./emlib/em_usart.o
 .text.USART_Reset
                0x00000000       0x8c ./emlib/em_usart.o
 .text.USART_Rx
                0x00000000       0x28 ./emlib/em_usart.o
 .text.USART_RxDouble
                0x00000000       0x28 ./emlib/em_usart.o
 .text.USART_RxDoubleExt
                0x00000000       0x28 ./emlib/em_usart.o
 .text.USART_RxExt
                0x00000000       0x28 ./emlib/em_usart.o
 .text.USART_SpiTransfer
                0x00000000       0x40 ./emlib/em_usart.o
 .text.USART_Tx
                0x00000000       0x2c ./emlib/em_usart.o
 .text.USART_TxDouble
                0x00000000       0x2c ./emlib/em_usart.o
 .text.USART_TxDoubleExt
                0x00000000       0x28 ./emlib/em_usart.o
 .text.USART_TxExt
                0x00000000       0x2c ./emlib/em_usart.o
 .debug_info    0x00000000      0xdef ./emlib/em_usart.o
 .debug_abbrev  0x00000000      0x1d4 ./emlib/em_usart.o
 .debug_loc     0x00000000      0x460 ./emlib/em_usart.o
 .debug_aranges
                0x00000000       0xb8 ./emlib/em_usart.o
 .debug_ranges  0x00000000       0xa8 ./emlib/em_usart.o
 .debug_line    0x00000000      0x501 ./emlib/em_usart.o
 .debug_str     0x00000000      0xcc3 ./emlib/em_usart.o
 .comment       0x00000000       0x71 ./emlib/em_usart.o
 .ARM.attributes
                0x00000000       0x33 ./emlib/em_usart.o
 .debug_frame   0x00000000      0x264 ./emlib/em_usart.o
 .data          0x00000000        0x0 ./CMSIS/efm32tg/startup_efm32tg.o
 .bss           0x00000000        0x0 ./CMSIS/efm32tg/startup_efm32tg.o
 .text          0x00000000        0x0 ./CMSIS/efm32tg/system_efm32tg.o
 .data          0x00000000        0x0 ./CMSIS/efm32tg/system_efm32tg.o
 .bss           0x00000000        0x0 ./CMSIS/efm32tg/system_efm32tg.o
 .text.SystemHFXOClockGet
                0x00000000       0x18 ./CMSIS/efm32tg/system_efm32tg.o
 .text.SystemHFXOClockSet
                0x00000000       0x2c ./CMSIS/efm32tg/system_efm32tg.o
 .text.SystemLFXOClockSet
                0x00000000       0x2c ./CMSIS/efm32tg/system_efm32tg.o
 .text          0x00000000        0x0 ./BSP/bsp_bcc.o
 .data          0x00000000        0x0 ./BSP/bsp_bcc.o
 .bss           0x00000000        0x0 ./BSP/bsp_bcc.o
 .bss.rxByteCount
                0x00000000        0x4 ./BSP/bsp_bcc.o
 .bss.txByteCount
                0x00000000        0x4 ./BSP/bsp_bcc.o
 .text.BSP_BccDeInit
                0x00000000       0x40 ./BSP/bsp_bcc.o
 .rodata        0x00000000       0x18 ./BSP/bsp_bcc.o
 .text.BSP_BccInit
                0x00000000       0x74 ./BSP/bsp_bcc.o
 .text.BSP_BccPacketReceive
                0x00000000       0xa0 ./BSP/bsp_bcc.o
 .text.BSP_BccPacketSend
                0x00000000       0x60 ./BSP/bsp_bcc.o
 .text.BSP_BccPinsEnable
                0x00000000       0x80 ./BSP/bsp_bcc.o
 .text.RxByte   0x00000000       0x3c ./BSP/bsp_bcc.o
 .text.TxByte   0x00000000       0x3c ./BSP/bsp_bcc.o
 .debug_info    0x00000000      0x78e ./BSP/bsp_bcc.o
 .debug_abbrev  0x00000000      0x1aa ./BSP/bsp_bcc.o
 .debug_loc     0x00000000      0x17c ./BSP/bsp_bcc.o
 .debug_aranges
                0x00000000       0x50 ./BSP/bsp_bcc.o
 .debug_ranges  0x00000000       0x40 ./BSP/bsp_bcc.o
 .debug_line    0x00000000      0x30a ./BSP/bsp_bcc.o
 .debug_str     0x00000000      0x97e ./BSP/bsp_bcc.o
 .comment       0x00000000       0x71 ./BSP/bsp_bcc.o
 .ARM.attributes
                0x00000000       0x33 ./BSP/bsp_bcc.o
 .debug_frame   0x00000000       0xe8 ./BSP/bsp_bcc.o
 .text          0x00000000        0x0 ./BSP/bsp_stk.o
 .data          0x00000000        0x0 ./BSP/bsp_stk.o
 .bss           0x00000000        0x0 ./BSP/bsp_stk.o
 .text.BSP_Disable
                0x00000000       0x14 ./BSP/bsp_stk.o
 .text.BSP_EbiInit
                0x00000000       0x14 ./BSP/bsp_stk.o
 .text.BSP_EbiDeInit
                0x00000000       0x14 ./BSP/bsp_stk.o
 .text.BSP_Init
                0x00000000       0x20 ./BSP/bsp_stk.o
 .text.BSP_CurrentGet
                0x00000000       0x40 ./BSP/bsp_stk.o
 .text.BSP_VoltageGet
                0x00000000       0x40 ./BSP/bsp_stk.o
 .debug_info    0x00000000      0x20f ./BSP/bsp_stk.o
 .debug_abbrev  0x00000000      0x103 ./BSP/bsp_stk.o
 .debug_loc     0x00000000      0x12c ./BSP/bsp_stk.o
 .debug_aranges
                0x00000000       0x48 ./BSP/bsp_stk.o
 .debug_ranges  0x00000000       0x38 ./BSP/bsp_stk.o
 .debug_line    0x00000000      0x1c6 ./BSP/bsp_stk.o
 .debug_str     0x00000000      0x278 ./BSP/bsp_stk.o
 .comment       0x00000000       0x71 ./BSP/bsp_stk.o
 .ARM.attributes
                0x00000000       0x33 ./BSP/bsp_stk.o
 .debug_frame   0x00000000       0xbc ./BSP/bsp_stk.o
 .text          0x00000000        0x0 ./BSP/bsp_stk_leds.o
 .data          0x00000000        0x0 ./BSP/bsp_stk_leds.o
 .bss           0x00000000        0x0 ./BSP/bsp_stk_leds.o
 .text.GPIO_PinOutClear
                0x00000000       0x4c ./BSP/bsp_stk_leds.o
 .text.GPIO_PinOutGet
                0x00000000       0x50 ./BSP/bsp_stk_leds.o
 .text.GPIO_PinOutSet
                0x00000000       0x4c ./BSP/bsp_stk_leds.o
 .text.BSP_LedsGet
                0x00000000       0x54 ./BSP/bsp_stk_leds.o
 .text.BSP_LedsSet
                0x00000000       0x64 ./BSP/bsp_stk_leds.o
 .text.BSP_LedClear
                0x00000000       0x3c ./BSP/bsp_stk_leds.o
 .text.BSP_LedGet
                0x00000000       0x40 ./BSP/bsp_stk_leds.o
 .text.BSP_LedSet
                0x00000000       0x3c ./BSP/bsp_stk_leds.o
 .text          0x00000000        0x0 ./BSP/bsp_trace.o
 .data          0x00000000        0x0 ./BSP/bsp_trace.o
 .bss           0x00000000        0x0 ./BSP/bsp_trace.o
 .text          0x00000000        0x0 c:/siliconlabs/simplicitystudio/v2/developer/toolchains/gnu_arm/4.8_2013q4/bin/../lib/gcc/arm-none-eabi/4.8.3/../../../../arm-none-eabi/lib/armv7-m\libc_s.a(lib_a-exit.o)
 .data          0x00000000        0x0 c:/siliconlabs/simplicitystudio/v2/developer/toolchains/gnu_arm/4.8_2013q4/bin/../lib/gcc/arm-none-eabi/4.8.3/../../../../arm-none-eabi/lib/armv7-m\libc_s.a(lib_a-exit.o)
 .bss           0x00000000        0x0 c:/siliconlabs/simplicitystudio/v2/developer/toolchains/gnu_arm/4.8_2013q4/bin/../lib/gcc/arm-none-eabi/4.8.3/../../../../arm-none-eabi/lib/armv7-m\libc_s.a(lib_a-exit.o)
 .text          0x00000000        0x0 c:/siliconlabs/simplicitystudio/v2/developer/toolchains/gnu_arm/4.8_2013q4/bin/../lib/gcc/arm-none-eabi/4.8.3/../../../../arm-none-eabi/lib/armv7-m\libc_s.a(lib_a-impure.o)
 .data          0x00000000        0x0 c:/siliconlabs/simplicitystudio/v2/developer/toolchains/gnu_arm/4.8_2013q4/bin/../lib/gcc/arm-none-eabi/4.8.3/../../../../arm-none-eabi/lib/armv7-m\libc_s.a(lib_a-impure.o)
 .bss           0x00000000        0x0 c:/siliconlabs/simplicitystudio/v2/developer/toolchains/gnu_arm/4.8_2013q4/bin/../lib/gcc/arm-none-eabi/4.8.3/../../../../arm-none-eabi/lib/armv7-m\libc_s.a(lib_a-impure.o)
 .data._impure_ptr
                0x00000000        0x4 c:/siliconlabs/simplicitystudio/v2/developer/toolchains/gnu_arm/4.8_2013q4/bin/../lib/gcc/arm-none-eabi/4.8.3/../../../../arm-none-eabi/lib/armv7-m\libc_s.a(lib_a-impure.o)
 .text          0x00000000        0x0 c:/siliconlabs/simplicitystudio/v2/developer/toolchains/gnu_arm/4.8_2013q4/bin/../lib/gcc/arm-none-eabi/4.8.3/../../../../arm-none-eabi/lib/armv7-m\libc_s.a(lib_a-init.o)
 .data          0x00000000        0x0 c:/siliconlabs/simplicitystudio/v2/developer/toolchains/gnu_arm/4.8_2013q4/bin/../lib/gcc/arm-none-eabi/4.8.3/../../../../arm-none-eabi/lib/armv7-m\libc_s.a(lib_a-init.o)
 .bss           0x00000000        0x0 c:/siliconlabs/simplicitystudio/v2/developer/toolchains/gnu_arm/4.8_2013q4/bin/../lib/gcc/arm-none-eabi/4.8.3/../../../../arm-none-eabi/lib/armv7-m\libc_s.a(lib_a-init.o)
 .text          0x00000000        0x0 c:/siliconlabs/simplicitystudio/v2/developer/toolchains/gnu_arm/4.8_2013q4/bin/../lib/gcc/arm-none-eabi/4.8.3/../../../../arm-none-eabi/lib/armv7-m\libc_s.a(lib_a-memset.o)
 .data          0x00000000        0x0 c:/siliconlabs/simplicitystudio/v2/developer/toolchains/gnu_arm/4.8_2013q4/bin/../lib/gcc/arm-none-eabi/4.8.3/../../../../arm-none-eabi/lib/armv7-m\libc_s.a(lib_a-memset.o)
 .bss           0x00000000        0x0 c:/siliconlabs/simplicitystudio/v2/developer/toolchains/gnu_arm/4.8_2013q4/bin/../lib/gcc/arm-none-eabi/4.8.3/../../../../arm-none-eabi/lib/armv7-m\libc_s.a(lib_a-memset.o)
 .text          0x00000000        0x0 c:/siliconlabs/simplicitystudio/v2/developer/toolchains/gnu_arm/4.8_2013q4/bin/../lib/gcc/arm-none-eabi/4.8.3/../../../../arm-none-eabi/lib/armv7-m\libnosys.a(_exit.o)
 .data          0x00000000        0x0 c:/siliconlabs/simplicitystudio/v2/developer/toolchains/gnu_arm/4.8_2013q4/bin/../lib/gcc/arm-none-eabi/4.8.3/../../../../arm-none-eabi/lib/armv7-m\libnosys.a(_exit.o)
 .bss           0x00000000        0x0 c:/siliconlabs/simplicitystudio/v2/developer/toolchains/gnu_arm/4.8_2013q4/bin/../lib/gcc/arm-none-eabi/4.8.3/../../../../arm-none-eabi/lib/armv7-m\libnosys.a(_exit.o)
 .text          0x00000000        0x0 c:/siliconlabs/simplicitystudio/v2/developer/toolchains/gnu_arm/4.8_2013q4/bin/../lib/gcc/arm-none-eabi/4.8.3/armv7-m/crtend.o
 .data          0x00000000        0x0 c:/siliconlabs/simplicitystudio/v2/developer/toolchains/gnu_arm/4.8_2013q4/bin/../lib/gcc/arm-none-eabi/4.8.3/armv7-m/crtend.o
 .bss           0x00000000        0x0 c:/siliconlabs/simplicitystudio/v2/developer/toolchains/gnu_arm/4.8_2013q4/bin/../lib/gcc/arm-none-eabi/4.8.3/armv7-m/crtend.o
 .jcr           0x00000000        0x4 c:/siliconlabs/simplicitystudio/v2/developer/toolchains/gnu_arm/4.8_2013q4/bin/../lib/gcc/arm-none-eabi/4.8.3/armv7-m/crtend.o
 .text          0x00000000        0x0 c:/siliconlabs/simplicitystudio/v2/developer/toolchains/gnu_arm/4.8_2013q4/bin/../lib/gcc/arm-none-eabi/4.8.3/armv7-m/crtn.o
 .data          0x00000000        0x0 c:/siliconlabs/simplicitystudio/v2/developer/toolchains/gnu_arm/4.8_2013q4/bin/../lib/gcc/arm-none-eabi/4.8.3/armv7-m/crtn.o
 .bss           0x00000000        0x0 c:/siliconlabs/simplicitystudio/v2/developer/toolchains/gnu_arm/4.8_2013q4/bin/../lib/gcc/arm-none-eabi/4.8.3/armv7-m/crtn.o

Memory Configuration

Name             Origin             Length             Attributes
FLASH            0x00000000         0x00008000         xr
RAM              0x20000000         0x00001000         xrw
*default*        0x00000000         0xffffffff

Linker script and memory map

LOAD c:/siliconlabs/simplicitystudio/v2/developer/toolchains/gnu_arm/4.8_2013q4/bin/../lib/gcc/arm-none-eabi/4.8.3/armv7-m/crti.o
LOAD c:/siliconlabs/simplicitystudio/v2/developer/toolchains/gnu_arm/4.8_2013q4/bin/../lib/gcc/arm-none-eabi/4.8.3/armv7-m/crtbegin.o
LOAD c:/siliconlabs/simplicitystudio/v2/developer/toolchains/gnu_arm/4.8_2013q4/bin/../lib/gcc/arm-none-eabi/4.8.3/../../../../arm-none-eabi/lib/armv7-m/crt0.o
LOAD ./src/blink.o
LOAD ./emlib/em_assert.o
LOAD ./emlib/em_cmu.o
LOAD ./emlib/em_emu.o
LOAD ./emlib/em_gpio.o
LOAD ./emlib/em_system.o
LOAD ./emlib/em_usart.o
LOAD ./CMSIS/efm32tg/startup_efm32tg.o
LOAD ./CMSIS/efm32tg/system_efm32tg.o
LOAD ./BSP/bsp_bcc.o
LOAD ./BSP/bsp_stk.o
LOAD ./BSP/bsp_stk_leds.o
LOAD ./BSP/bsp_trace.o
START GROUP
LOAD c:/siliconlabs/simplicitystudio/v2/developer/toolchains/gnu_arm/4.8_2013q4/bin/../lib/gcc/arm-none-eabi/4.8.3/armv7-m\libgcc.a
LOAD c:/siliconlabs/simplicitystudio/v2/developer/toolchains/gnu_arm/4.8_2013q4/bin/../lib/gcc/arm-none-eabi/4.8.3/../../../../arm-none-eabi/lib/armv7-m\libc_s.a
LOAD c:/siliconlabs/simplicitystudio/v2/developer/toolchains/gnu_arm/4.8_2013q4/bin/../lib/gcc/arm-none-eabi/4.8.3/../../../../arm-none-eabi/lib/armv7-m\libnosys.a
END GROUP
START GROUP
LOAD c:/siliconlabs/simplicitystudio/v2/developer/toolchains/gnu_arm/4.8_2013q4/bin/../lib/gcc/arm-none-eabi/4.8.3/armv7-m\libgcc.a
LOAD c:/siliconlabs/simplicitystudio/v2/developer/toolchains/gnu_arm/4.8_2013q4/bin/../lib/gcc/arm-none-eabi/4.8.3/../../../../arm-none-eabi/lib/armv7-m\libg_s.a
LOAD c:/siliconlabs/simplicitystudio/v2/developer/toolchains/gnu_arm/4.8_2013q4/bin/../lib/gcc/arm-none-eabi/4.8.3/../../../../arm-none-eabi/lib/armv7-m\libc_s.a
END GROUP
START GROUP
LOAD c:/siliconlabs/simplicitystudio/v2/developer/toolchains/gnu_arm/4.8_2013q4/bin/../lib/gcc/arm-none-eabi/4.8.3/armv7-m\libgcc.a
LOAD c:/siliconlabs/simplicitystudio/v2/developer/toolchains/gnu_arm/4.8_2013q4/bin/../lib/gcc/arm-none-eabi/4.8.3/../../../../arm-none-eabi/lib/armv7-m\libc_s.a
END GROUP
LOAD c:/siliconlabs/simplicitystudio/v2/developer/toolchains/gnu_arm/4.8_2013q4/bin/../lib/gcc/arm-none-eabi/4.8.3/armv7-m/crtend.o
LOAD c:/siliconlabs/simplicitystudio/v2/developer/toolchains/gnu_arm/4.8_2013q4/bin/../lib/gcc/arm-none-eabi/4.8.3/armv7-m/crtn.o

.text           0x00000000      0xf74
 *(.isr_vector)
 .isr_vector    0x00000000      0x100 ./CMSIS/efm32tg/startup_efm32tg.o
                0x00000000                __isr_vector
 *(.text*)
 .text          0x00000100       0x54 c:/siliconlabs/simplicitystudio/v2/developer/toolchains/gnu_arm/4.8_2013q4/bin/../lib/gcc/arm-none-eabi/4.8.3/armv7-m/crtbegin.o
 .text          0x00000154       0x74 c:/siliconlabs/simplicitystudio/v2/developer/toolchains/gnu_arm/4.8_2013q4/bin/../lib/gcc/arm-none-eabi/4.8.3/../../../../arm-none-eabi/lib/armv7-m/crt0.o
                0x00000154                _start
                0x00000154                _mainCRTStartup
 .text.NVIC_SetPriority
                0x000001c8       0x54 ./src/blink.o
 .text.SysTick_Config
                0x0000021c       0x44 ./src/blink.o
 .text.CHIP_Init
                0x00000260        0xc ./src/blink.o
 .text.SysTick_Handler
                0x0000026c       0x1c ./src/blink.o
                0x0000026c                SysTick_Handler
 .text.Delay    0x00000288       0x2c ./src/blink.o
                0x00000288                Delay
 .text.main     0x000002b4       0x48 ./src/blink.o
                0x000002b4                main
 .text.assertEFM
                0x000002fc        0xc ./emlib/em_assert.o
                0x000002fc                assertEFM
 .text.BITBAND_Peripheral
                0x00000308       0x2c ./emlib/em_cmu.o
 .text.CMU_DivToLog2
                0x00000334       0x44 ./emlib/em_cmu.o
 .text.CMU_AUXClkGet
                0x00000378       0x8c ./emlib/em_cmu.o
 .text.CMU_DBGClkGet
                0x00000404       0x4c ./emlib/em_cmu.o
 .text.CMU_LFClkGet
                0x00000450       0x9c ./emlib/em_cmu.o
 .text.CMU_Sync
                0x000004ec       0x34 ./emlib/em_cmu.o
 .text.CMU_ClockEnable
                0x00000520       0xb8 ./emlib/em_cmu.o
                0x00000520                CMU_ClockEnable
 .text.CMU_ClockFreqGet
                0x000005d8      0x1a8 ./emlib/em_cmu.o
                0x000005d8                CMU_ClockFreqGet
 .text.CMU_ClockSelectGet
                0x00000780      0x128 ./emlib/em_cmu.o
                0x00000780                CMU_ClockSelectGet
 .text.GPIO_PinModeSet
                0x000008a8      0x14c ./emlib/em_gpio.o
                0x000008a8                GPIO_PinModeSet
 .text          0x000009f4       0x78 ./CMSIS/efm32tg/startup_efm32tg.o
                0x000009f4                Reset_Handler
                0x00000a28                Default_Handler
                0x00000a2a                NMI_Handler
                0x00000a2c                HardFault_Handler
                0x00000a2e                MemManage_Handler
                0x00000a30                BusFault_Handler
                0x00000a32                UsageFault_Handler
                0x00000a34                SVC_Handler
                0x00000a36                DebugMon_Handler
                0x00000a38                PendSV_Handler
                0x00000a3c                DMA_IRQHandler
                0x00000a3e                GPIO_EVEN_IRQHandler
                0x00000a40                TIMER0_IRQHandler
                0x00000a42                USART0_RX_IRQHandler
                0x00000a44                USART0_TX_IRQHandler
                0x00000a46                ACMP0_IRQHandler
                0x00000a48                ADC0_IRQHandler
                0x00000a4a                DAC0_IRQHandler
                0x00000a4c                I2C0_IRQHandler
                0x00000a4e                GPIO_ODD_IRQHandler
                0x00000a50                TIMER1_IRQHandler
                0x00000a52                USART1_RX_IRQHandler
                0x00000a54                USART1_TX_IRQHandler
                0x00000a56                LESENSE_IRQHandler
                0x00000a58                LEUART0_IRQHandler
                0x00000a5a                LETIMER0_IRQHandler
                0x00000a5c                PCNT0_IRQHandler
                0x00000a5e                RTC_IRQHandler
                0x00000a60                CMU_IRQHandler
                0x00000a62                VCMP_IRQHandler
                0x00000a64                LCD_IRQHandler
                0x00000a66                MSC_IRQHandler
                0x00000a68                AES_IRQHandler
 .text.GetProdRev
                0x00000a6c       0x1c ./CMSIS/efm32tg/system_efm32tg.o
 .text.SystemCoreClockGet
                0x00000a88       0x34 ./CMSIS/efm32tg/system_efm32tg.o
                0x00000a88                SystemCoreClockGet
 .text.SystemHFClockGet
                0x00000abc       0xf0 ./CMSIS/efm32tg/system_efm32tg.o
                0x00000abc                SystemHFClockGet
 .text.SystemInit
                0x00000bac        0xc ./CMSIS/efm32tg/system_efm32tg.o
                0x00000bac                SystemInit
 .text.SystemLFRCOClockGet
                0x00000bb8       0x14 ./CMSIS/efm32tg/system_efm32tg.o
                0x00000bb8                SystemLFRCOClockGet
 .text.SystemULFRCOClockGet
                0x00000bcc       0x14 ./CMSIS/efm32tg/system_efm32tg.o
                0x00000bcc                SystemULFRCOClockGet
 .text.SystemLFXOClockGet
                0x00000be0       0x18 ./CMSIS/efm32tg/system_efm32tg.o
                0x00000be0                SystemLFXOClockGet
 .text.GPIO_PinOutToggle
                0x00000bf8       0x4c ./BSP/bsp_stk_leds.o
 .text.BSP_LedsInit
                0x00000c44       0x54 ./BSP/bsp_stk_leds.o
                0x00000c44                BSP_LedsInit
 .text.BSP_LedToggle
                0x00000c98       0x3c ./BSP/bsp_stk_leds.o
                0x00000c98                BSP_LedToggle
 .text.BSP_TraceSwoSetup
                0x00000cd4       0xd4 ./BSP/bsp_trace.o
                0x00000cd4                BSP_TraceSwoSetup
 .text.BSP_TraceProfilerSetup
                0x00000da8       0x28 ./BSP/bsp_trace.o
                0x00000da8                BSP_TraceProfilerSetup
 .text.exit     0x00000dd0       0x28 c:/siliconlabs/simplicitystudio/v2/developer/toolchains/gnu_arm/4.8_2013q4/bin/../lib/gcc/arm-none-eabi/4.8.3/../../../../arm-none-eabi/lib/armv7-m\libc_s.a(lib_a-exit.o)
                0x00000dd0                exit
 .text.__libc_init_array
                0x00000df8       0x4c c:/siliconlabs/simplicitystudio/v2/developer/toolchains/gnu_arm/4.8_2013q4/bin/../lib/gcc/arm-none-eabi/4.8.3/../../../../arm-none-eabi/lib/armv7-m\libc_s.a(lib_a-init.o)
                0x00000df8                __libc_init_array
 .text.memset   0x00000e44       0x10 c:/siliconlabs/simplicitystudio/v2/developer/toolchains/gnu_arm/4.8_2013q4/bin/../lib/gcc/arm-none-eabi/4.8.3/../../../../arm-none-eabi/lib/armv7-m\libc_s.a(lib_a-memset.o)
                0x00000e44                memset
 .text._exit    0x00000e54        0x4 c:/siliconlabs/simplicitystudio/v2/developer/toolchains/gnu_arm/4.8_2013q4/bin/../lib/gcc/arm-none-eabi/4.8.3/../../../../arm-none-eabi/lib/armv7-m\libnosys.a(_exit.o)
                0x00000e54                _exit
 *(.init)
 .init          0x00000e58        0x4 c:/siliconlabs/simplicitystudio/v2/developer/toolchains/gnu_arm/4.8_2013q4/bin/../lib/gcc/arm-none-eabi/4.8.3/armv7-m/crti.o
                0x00000e58                _init
 .init          0x00000e5c        0x8 c:/siliconlabs/simplicitystudio/v2/developer/toolchains/gnu_arm/4.8_2013q4/bin/../lib/gcc/arm-none-eabi/4.8.3/armv7-m/crtn.o
 *(.fini)
 .fini          0x00000e64        0x4 c:/siliconlabs/simplicitystudio/v2/developer/toolchains/gnu_arm/4.8_2013q4/bin/../lib/gcc/arm-none-eabi/4.8.3/armv7-m/crti.o
                0x00000e64                _fini
 .fini          0x00000e68        0x8 c:/siliconlabs/simplicitystudio/v2/developer/toolchains/gnu_arm/4.8_2013q4/bin/../lib/gcc/arm-none-eabi/4.8.3/armv7-m/crtn.o
 *crtbegin.o(.ctors)
 *crtbegin?.o(.ctors)
 *(EXCLUDE_FILE(*crtend.o *crtend?.o) .ctors)
 *(SORT(.ctors.*))
 *(.ctors)
 *crtbegin.o(.dtors)
 *crtbegin?.o(.dtors)
 *(EXCLUDE_FILE(*crtend.o *crtend?.o) .dtors)
 *(SORT(.dtors.*))
 *(.dtors)
 *(.rodata*)
 .rodata        0x00000e70       0x50 ./emlib/em_cmu.o
 .rodata        0x00000ec0       0x50 ./emlib/em_gpio.o
 .rodata        0x00000f10       0x50 ./BSP/bsp_stk_leds.o
 .rodata.ledArray
                0x00000f60        0x8 ./BSP/bsp_stk_leds.o
 .rodata.str1.1
                0x00000f68        0x2 c:/siliconlabs/simplicitystudio/v2/developer/toolchains/gnu_arm/4.8_2013q4/bin/../lib/gcc/arm-none-eabi/4.8.3/../../../../arm-none-eabi/lib/armv7-m\libc_s.a(lib_a-impure.o)
 *fill*         0x00000f6a        0x2 
 .rodata._global_impure_ptr
                0x00000f6c        0x4 c:/siliconlabs/simplicitystudio/v2/developer/toolchains/gnu_arm/4.8_2013q4/bin/../lib/gcc/arm-none-eabi/4.8.3/../../../../arm-none-eabi/lib/armv7-m\libc_s.a(lib_a-impure.o)
                0x00000f6c                _global_impure_ptr
 *(.eh_frame*)
 .eh_frame      0x00000f70        0x0 c:/siliconlabs/simplicitystudio/v2/developer/toolchains/gnu_arm/4.8_2013q4/bin/../lib/gcc/arm-none-eabi/4.8.3/armv7-m/crtbegin.o
 .eh_frame      0x00000f70        0x4 c:/siliconlabs/simplicitystudio/v2/developer/toolchains/gnu_arm/4.8_2013q4/bin/../lib/gcc/arm-none-eabi/4.8.3/armv7-m/crtend.o

.glue_7         0x00000f74        0x0
 .glue_7        0x00000000        0x0 linker stubs

.glue_7t        0x00000f74        0x0
 .glue_7t       0x00000000        0x0 linker stubs

.vfp11_veneer   0x00000f74        0x0
 .vfp11_veneer  0x00000000        0x0 linker stubs

.v4_bx          0x00000f74        0x0
 .v4_bx         0x00000000        0x0 linker stubs

.iplt           0x00000f74        0x0
 .iplt          0x00000000        0x0 c:/siliconlabs/simplicitystudio/v2/developer/toolchains/gnu_arm/4.8_2013q4/bin/../lib/gcc/arm-none-eabi/4.8.3/armv7-m/crtbegin.o

.ARM.extab
 *(.ARM.extab* .gnu.linkonce.armextab.*)
                0x00000f74                __exidx_start = .

.ARM.exidx      0x00000f74        0x8
 *(.ARM.exidx* .gnu.linkonce.armexidx.*)
 .ARM.exidx     0x00000f74        0x8 c:/siliconlabs/simplicitystudio/v2/developer/toolchains/gnu_arm/4.8_2013q4/bin/../lib/gcc/arm-none-eabi/4.8.3/../../../../arm-none-eabi/lib/armv7-m/crt0.o
                0x00000f7c                __exidx_end = .
                0x00000f7c                __etext = .

.rel.dyn        0x00000f7c        0x0
 .rel.iplt      0x00000000        0x0 c:/siliconlabs/simplicitystudio/v2/developer/toolchains/gnu_arm/4.8_2013q4/bin/../lib/gcc/arm-none-eabi/4.8.3/armv7-m/crtbegin.o

.data           0x20000000       0x70 load address 0x00000f7c
                0x20000000                __data_start__ = .
 *(vtable)
 *(.data*)
 .data.SystemHFXOClock
                0x20000000        0x4 ./CMSIS/efm32tg/system_efm32tg.o
 .data.SystemLFXOClock
                0x20000004        0x4 ./CMSIS/efm32tg/system_efm32tg.o
 .data.impure_data
                0x20000008       0x60 c:/siliconlabs/simplicitystudio/v2/developer/toolchains/gnu_arm/4.8_2013q4/bin/../lib/gcc/arm-none-eabi/4.8.3/../../../../arm-none-eabi/lib/armv7-m\libc_s.a(lib_a-impure.o)
                0x20000068                . = ALIGN (0x4)
 *(.ram)
                0x20000068                . = ALIGN (0x4)
                0x20000068                PROVIDE (__preinit_array_start, .)
 *(.preinit_array)
                0x20000068                PROVIDE (__preinit_array_end, .)
                0x20000068                . = ALIGN (0x4)
                0x20000068                PROVIDE (__init_array_start, .)
 *(SORT(.init_array.*))
 *(.init_array)
 .init_array    0x20000068        0x4 c:/siliconlabs/simplicitystudio/v2/developer/toolchains/gnu_arm/4.8_2013q4/bin/../lib/gcc/arm-none-eabi/4.8.3/armv7-m/crtbegin.o
                0x2000006c                PROVIDE (__init_array_end, .)
                0x2000006c                . = ALIGN (0x4)
                0x2000006c                PROVIDE (__fini_array_start, .)
 *(SORT(.fini_array.*))
 *(.fini_array)
 .fini_array    0x2000006c        0x4 c:/siliconlabs/simplicitystudio/v2/developer/toolchains/gnu_arm/4.8_2013q4/bin/../lib/gcc/arm-none-eabi/4.8.3/armv7-m/crtbegin.o
                0x20000070                PROVIDE (__fini_array_end, .)
                0x20000070                . = ALIGN (0x4)
                0x20000070                __data_end__ = .

.jcr            0x20000070        0x0 load address 0x00000fec
 .jcr           0x20000070        0x0 c:/siliconlabs/simplicitystudio/v2/developer/toolchains/gnu_arm/4.8_2013q4/bin/../lib/gcc/arm-none-eabi/4.8.3/armv7-m/crtbegin.o

.igot.plt       0x20000070        0x0 load address 0x00000fec
 .igot.plt      0x00000000        0x0 c:/siliconlabs/simplicitystudio/v2/developer/toolchains/gnu_arm/4.8_2013q4/bin/../lib/gcc/arm-none-eabi/4.8.3/armv7-m/crtbegin.o

.bss            0x20000070       0x24 load address 0x00000fec
                0x20000070                __bss_start__ = .
 *(.bss*)
 .bss           0x20000070       0x1c c:/siliconlabs/simplicitystudio/v2/developer/toolchains/gnu_arm/4.8_2013q4/bin/../lib/gcc/arm-none-eabi/4.8.3/armv7-m/crtbegin.o
 *(COMMON)
 COMMON         0x2000008c        0x4 ./src/blink.o
                0x2000008c                msTicks
 COMMON         0x20000090        0x4 ./CMSIS/efm32tg/system_efm32tg.o
                0x20000090                SystemCoreClock
                0x20000094                __bss_end__ = .

.heap           0x20000098        0x0
                0x20000098                __end__ = .
                0x20000098                end = __end__
                0x20000098                _end = __end__
 *(.heap*)
 .heap          0x20000098        0x0 ./CMSIS/efm32tg/startup_efm32tg.o
                0x20000098                __HeapLimit = .

.stack_dummy    0x20000098      0x400
 *(.stack)
 .stack         0x20000098      0x400 ./CMSIS/efm32tg/startup_efm32tg.o
                0x20001000                __StackTop = (ORIGIN (RAM) + 0x1000)
                0x20000c00                __StackLimit = (__StackTop - SIZEOF (.stack_dummy))
                0x20001000                PROVIDE (__stack, __StackTop)
                0x00000001                ASSERT ((__StackLimit >= __HeapLimit), region RAM overflowed with stack)
                0x00000001                ASSERT ((0x8000 >= (__etext + SIZEOF (.data))), FLASH memory overflowed !)
OUTPUT(STK3300_blink_2.axf elf32-littlearm)

.ARM.attributes
                0x00000000       0x29
 .ARM.attributes
                0x00000000       0x1d c:/siliconlabs/simplicitystudio/v2/developer/toolchains/gnu_arm/4.8_2013q4/bin/../lib/gcc/arm-none-eabi/4.8.3/armv7-m/crti.o
 .ARM.attributes
                0x0000001d       0x2d c:/siliconlabs/simplicitystudio/v2/developer/toolchains/gnu_arm/4.8_2013q4/bin/../lib/gcc/arm-none-eabi/4.8.3/armv7-m/crtbegin.o
 .ARM.attributes
                0x0000004a       0x1b c:/siliconlabs/simplicitystudio/v2/developer/toolchains/gnu_arm/4.8_2013q4/bin/../lib/gcc/arm-none-eabi/4.8.3/../../../../arm-none-eabi/lib/armv7-m/crt0.o
 .ARM.attributes
                0x00000065       0x33 ./src/blink.o
 .ARM.attributes
                0x00000098       0x33 ./emlib/em_assert.o
 .ARM.attributes
                0x000000cb       0x33 ./emlib/em_cmu.o
 .ARM.attributes
                0x000000fe       0x33 ./emlib/em_gpio.o
 .ARM.attributes
                0x00000131       0x1b ./CMSIS/efm32tg/startup_efm32tg.o
 .ARM.attributes
                0x0000014c       0x33 ./CMSIS/efm32tg/system_efm32tg.o
 .ARM.attributes
                0x0000017f       0x33 ./BSP/bsp_stk_leds.o
 .ARM.attributes
                0x000001b2       0x33 ./BSP/bsp_trace.o
 .ARM.attributes
                0x000001e5       0x2d c:/siliconlabs/simplicitystudio/v2/developer/toolchains/gnu_arm/4.8_2013q4/bin/../lib/gcc/arm-none-eabi/4.8.3/../../../../arm-none-eabi/lib/armv7-m\libc_s.a(lib_a-exit.o)
 .ARM.attributes
                0x00000212       0x2d c:/siliconlabs/simplicitystudio/v2/developer/toolchains/gnu_arm/4.8_2013q4/bin/../lib/gcc/arm-none-eabi/4.8.3/../../../../arm-none-eabi/lib/armv7-m\libc_s.a(lib_a-impure.o)
 .ARM.attributes
                0x0000023f       0x2d c:/siliconlabs/simplicitystudio/v2/developer/toolchains/gnu_arm/4.8_2013q4/bin/../lib/gcc/arm-none-eabi/4.8.3/../../../../arm-none-eabi/lib/armv7-m\libc_s.a(lib_a-init.o)
 .ARM.attributes
                0x0000026c       0x2d c:/siliconlabs/simplicitystudio/v2/developer/toolchains/gnu_arm/4.8_2013q4/bin/../lib/gcc/arm-none-eabi/4.8.3/../../../../arm-none-eabi/lib/armv7-m\libc_s.a(lib_a-memset.o)
 .ARM.attributes
                0x00000299       0x2d c:/siliconlabs/simplicitystudio/v2/developer/toolchains/gnu_arm/4.8_2013q4/bin/../lib/gcc/arm-none-eabi/4.8.3/../../../../arm-none-eabi/lib/armv7-m\libnosys.a(_exit.o)
 .ARM.attributes
                0x000002c6       0x2d c:/siliconlabs/simplicitystudio/v2/developer/toolchains/gnu_arm/4.8_2013q4/bin/../lib/gcc/arm-none-eabi/4.8.3/armv7-m/crtend.o
 .ARM.attributes
                0x000002f3       0x1d c:/siliconlabs/simplicitystudio/v2/developer/toolchains/gnu_arm/4.8_2013q4/bin/../lib/gcc/arm-none-eabi/4.8.3/armv7-m/crtn.o

.comment        0x00000000       0x70
 .comment       0x00000000       0x70 ./src/blink.o
                                 0x71 (size before relaxing)
 .comment       0x00000000       0x71 ./emlib/em_assert.o
 .comment       0x00000000       0x71 ./emlib/em_cmu.o
 .comment       0x00000000       0x71 ./emlib/em_gpio.o
 .comment       0x00000000       0x71 ./CMSIS/efm32tg/system_efm32tg.o
 .comment       0x00000000       0x71 ./BSP/bsp_stk_leds.o
 .comment       0x00000000       0x71 ./BSP/bsp_trace.o

.debug_info     0x00000000     0x330f
 .debug_info    0x00000000      0x6d7 ./src/blink.o
 .debug_info    0x000006d7       0x76 ./emlib/em_assert.o
 .debug_info    0x0000074d      0xf06 ./emlib/em_cmu.o
 .debug_info    0x00001653      0x4d0 ./emlib/em_gpio.o
 .debug_info    0x00001b23       0xf6 ./CMSIS/efm32tg/startup_efm32tg.o
 .debug_info    0x00001c19      0x543 ./CMSIS/efm32tg/system_efm32tg.o
 .debug_info    0x0000215c      0x6cc ./BSP/bsp_stk_leds.o
 .debug_info    0x00002828      0xae7 ./BSP/bsp_trace.o

.debug_abbrev   0x00000000      0xa0b
 .debug_abbrev  0x00000000      0x1af ./src/blink.o
 .debug_abbrev  0x000001af       0x63 ./emlib/em_assert.o
 .debug_abbrev  0x00000212      0x2b9 ./emlib/em_cmu.o
 .debug_abbrev  0x000004cb      0x11e ./emlib/em_gpio.o
 .debug_abbrev  0x000005e9       0x14 ./CMSIS/efm32tg/startup_efm32tg.o
 .debug_abbrev  0x000005fd      0x16b ./CMSIS/efm32tg/system_efm32tg.o
 .debug_abbrev  0x00000768      0x14f ./BSP/bsp_stk_leds.o
 .debug_abbrev  0x000008b7      0x154 ./BSP/bsp_trace.o

.debug_loc      0x00000000      0xdc8
 .debug_loc     0x00000000      0x12c ./src/blink.o
 .debug_loc     0x0000012c       0x38 ./emlib/em_assert.o
 .debug_loc     0x00000164      0x698 ./emlib/em_cmu.o
 .debug_loc     0x000007fc      0x118 ./emlib/em_gpio.o
 .debug_loc     0x00000914      0x1e8 ./CMSIS/efm32tg/system_efm32tg.o
 .debug_loc     0x00000afc      0x268 ./BSP/bsp_stk_leds.o
 .debug_loc     0x00000d64       0x64 ./BSP/bsp_trace.o

.debug_aranges  0x00000000      0x2d8
 .debug_aranges
                0x00000000       0x48 ./src/blink.o
 .debug_aranges
                0x00000048       0x20 ./emlib/em_assert.o
 .debug_aranges
                0x00000068      0x110 ./emlib/em_cmu.o
 .debug_aranges
                0x00000178       0x40 ./emlib/em_gpio.o
 .debug_aranges
                0x000001b8       0x20 ./CMSIS/efm32tg/startup_efm32tg.o
 .debug_aranges
                0x000001d8       0x68 ./CMSIS/efm32tg/system_efm32tg.o
 .debug_aranges
                0x00000240       0x70 ./BSP/bsp_stk_leds.o
 .debug_aranges
                0x000002b0       0x28 ./BSP/bsp_trace.o

.debug_ranges   0x00000000      0x248
 .debug_ranges  0x00000000       0x38 ./src/blink.o
 .debug_ranges  0x00000038       0x10 ./emlib/em_assert.o
 .debug_ranges  0x00000048      0x100 ./emlib/em_cmu.o
 .debug_ranges  0x00000148       0x30 ./emlib/em_gpio.o
 .debug_ranges  0x00000178       0x58 ./CMSIS/efm32tg/system_efm32tg.o
 .debug_ranges  0x000001d0       0x60 ./BSP/bsp_stk_leds.o
 .debug_ranges  0x00000230       0x18 ./BSP/bsp_trace.o

.debug_line     0x00000000     0x1650
 .debug_line    0x00000000      0x262 ./src/blink.o
 .debug_line    0x00000262       0x85 ./emlib/em_assert.o
 .debug_line    0x000002e7      0x790 ./emlib/em_cmu.o
 .debug_line    0x00000a77      0x2cb ./emlib/em_gpio.o
 .debug_line    0x00000d42       0xdb ./CMSIS/efm32tg/startup_efm32tg.o
 .debug_line    0x00000e1d      0x2b0 ./CMSIS/efm32tg/system_efm32tg.o
 .debug_line    0x000010cd      0x378 ./BSP/bsp_stk_leds.o
 .debug_line    0x00001445      0x20b ./BSP/bsp_trace.o

.debug_str      0x00000000     0x1619
 .debug_str     0x00000000      0x633 ./src/blink.o
                                0x685 (size before relaxing)
 .debug_str     0x00000633       0x65 ./emlib/em_assert.o
                                0x13b (size before relaxing)
 .debug_str     0x00000698      0x77e ./emlib/em_cmu.o
                                0xaf8 (size before relaxing)
 .debug_str     0x00000e16      0x37e ./emlib/em_gpio.o
                                0x539 (size before relaxing)
 .debug_str     0x00001194      0x14d ./CMSIS/efm32tg/system_efm32tg.o
                                0x47f (size before relaxing)
 .debug_str     0x000012e1      0x116 ./BSP/bsp_stk_leds.o
                                0x6ab (size before relaxing)
 .debug_str     0x000013f7      0x222 ./BSP/bsp_trace.o
                                0x560 (size before relaxing)

.debug_frame    0x00000000      0x8ac
 .debug_frame   0x00000000       0xb4 ./src/blink.o
 .debug_frame   0x000000b4       0x2c ./emlib/em_assert.o
 .debug_frame   0x000000e0      0x3b4 ./emlib/em_cmu.o
 .debug_frame   0x00000494       0xac ./emlib/em_gpio.o
 .debug_frame   0x00000540      0x120 ./CMSIS/efm32tg/system_efm32tg.o
 .debug_frame   0x00000660      0x170 ./BSP/bsp_stk_leds.o
 .debug_frame   0x000007d0       0x48 ./BSP/bsp_trace.o
 .debug_frame   0x00000818       0x28 c:/siliconlabs/simplicitystudio/v2/developer/toolchains/gnu_arm/4.8_2013q4/bin/../lib/gcc/arm-none-eabi/4.8.3/../../../../arm-none-eabi/lib/armv7-m\libc_s.a(lib_a-exit.o)
 .debug_frame   0x00000840       0x2c c:/siliconlabs/simplicitystudio/v2/developer/toolchains/gnu_arm/4.8_2013q4/bin/../lib/gcc/arm-none-eabi/4.8.3/../../../../arm-none-eabi/lib/armv7-m\libc_s.a(lib_a-init.o)
 .debug_frame   0x0000086c       0x20 c:/siliconlabs/simplicitystudio/v2/developer/toolchains/gnu_arm/4.8_2013q4/bin/../lib/gcc/arm-none-eabi/4.8.3/../../../../arm-none-eabi/lib/armv7-m\libc_s.a(lib_a-memset.o)
 .debug_frame   0x0000088c       0x20 c:/siliconlabs/simplicitystudio/v2/developer/toolchains/gnu_arm/4.8_2013q4/bin/../lib/gcc/arm-none-eabi/4.8.3/../../../../arm-none-eabi/lib/armv7-m\libnosys.a(_exit.o)
